// Jest Snapshot v1, https://goo.gl/fbAQLP

exports[`useAuth is empty 1`] = `
<p
  data-userData={null}
  onClick={[Function]}
  onDoubleClick={[Function]}
/>
`;

exports[`useAuth login 1`] = `
<p
  data-userData={
    User {
      "access_token": "eyJhbGciOiJSUzI1NiIsImtpZCI6IjIyNDEwODk4RURBMUQzQkQwRTU1OUM0MjQ0NTk1MkJDNTU1OUVDOUNSUzI1NiIsInR5cCI6ImF0K2p3dCIsIng1dCI6IklrRUltTzJoMDcwT1ZaeENSRmxTdkZWWjdKdyJ9.eyJuYmYiOjE2NDAxOTQ3OTEsImV4cCI6MTY0MDIwNjc5MSwiaXNzIjoiaHR0cHM6Ly9sb2NhbGhvc3Q6NzYwMCIsImF1ZCI6WyJjbGllbnQiLCJub3RpZiJdLCJjbGllbnRfaWQiOiJEN0Q4MzJGQi0wMEM4LTRGRTktODFEOC03NkM1NzE4RkQ3RTQiLCJEb21haW5JZCI6IjEiLCJzdWIiOiJhYWVlMDc4NS0xZTBiLTRhMzgtOTc2My0wOGQ3OWQ3NzE4ZjAiLCJhdXRoX3RpbWUiOjE2NDAxOTQ3OTEsImlkcCI6ImxvY2FsIiwiZGV2aWNlSWQiOiJ1bmRlZmluZWQiLCJyb2xlIjpbIlVzZXIiLCJTdWJVc2VyIl0sImp0aSI6IjlEOTY5OEMyOTUwQzFENEE5NUJBMjFCMzU1MzY1OTg2IiwiaWF0IjoxNjQwMTk0NzkxLCJzY29wZSI6WyJjbGllbnQiLCJub3RpZiIsIm9wZW5pZCIsInByb2ZpbGUiLCJvZmZsaW5lX2FjY2VzcyJdLCJhbXIiOlsicHdkIl19.SZOEKRlBaO_1VMt4UZ4xk1UUzxNcMJV3anvSncpM_nJxdVQSw1NI9CWMZ5PGnK4-r_2UjqUXFV8VCfrD1g9WbD_Xqan44rwJpj6dFIXwe29Pi5j0x1Luo62eCeJgQ-kMK2ocqXK8fbZlRynUzTDHDwUNNPdIHI4FQQbmRGCg57zlfY2qRgn_u-dGaobjAnDD-vyYZ_KYuph_iTrGPOtblbnSgi2mK00GTOXuXwV-46dCvjbsWhCKjB4dKmrIuEk0j04FUCxZsR9NKkQneo3bT22z6PLl1158-VIWd68RtElJ3E0nzjFIFiDHfoj0cl74UnHdL8xBbREefs_oG0taiA",
      "expires_at": 1640421466001,
      "id_token": "1640194791",
      "profile": Object {
        "DomainId": "1",
        "amr": Array [
          "pwd",
        ],
        "aud": Array [
          "client",
          "notif",
        ],
        "auth_time": 1640194791,
        "client_id": "D7D832FB-00C8-4FE9-81D8-76C5718FD7E4",
        "deviceId": "undefined",
        "exp": 1640206791,
        "iat": 1640194791,
        "idp": "local",
        "iss": "https://localhost:7600",
        "jti": "9D9698C2950C1D4A95BA21B355365986",
        "nbf": 1640194791,
        "role": Array [
          "User",
          "SubUser",
        ],
        "scope": Array [
          "client",
          "notif",
          "openid",
          "profile",
          "offline_access",
        ],
        "sub": "aaee0785-1e0b-4a38-9763-08d79d7718f0",
      },
      "refresh_token": "refresh_token",
      "scope": "client notif openid profile offline_access",
      "session_state": "",
      "state": undefined,
      "token_type": "token_type",
    }
  }
  onClick={[Function]}
  onDoubleClick={[Function]}
/>
`;

exports[`useAuth logout 1`] = `
<p
  data-userData={null}
  onClick={[Function]}
  onDoubleClick={[Function]}
/>
`;
